// Jest Snapshot v1, https://goo.gl/fbAQLP

exports[`styles build paragraph styles: build-paragraph-styles 1`] = `
"
      [paragraphstyle=\\"MPParagraphStyle:74D17A3A-33C0-43EB-9389-51335C698744\\"] {
        font-size: 12pt;
        font-style: normal;
        font-weight: normal;
        color: #000;
        text-align: left;
        margin-top: 10pt !important;
        margin-bottom: 10pt !important;
        line-height: 2;
        text-indent: 0pt;
        .list  { 
      counter-reset: list-level-2 0;
    }
.list  > li { 
      counter-increment: list-level-2;
    }
 > li > ol > li::before {
        content: \\"\\" counter(list-level-2, none) \\".\\";
      }
 > li > ul {
        list-style-type: disc;
      }
.list .list  { 
      counter-reset: list-level-3 0;
    }
.list .list  > li { 
      counter-increment: list-level-3;
    }
.list  > li > ol > li::before {
        content: \\"\\" counter(list-level-3, none) \\".\\";
      }
.list  > li > ul {
        list-style-type: disc;
      }
.list .list .list  { 
      counter-reset: list-level-4 0;
    }
.list .list .list  > li { 
      counter-increment: list-level-4;
    }
.list .list  > li > ol > li::before {
        content: \\"\\" counter(list-level-4, decimal) \\".\\";
      }
.list .list  > li > ul {
        list-style-type: disc;
      }
.list .list .list .list  { 
      counter-reset: list-level-5 0;
    }
.list .list .list .list  > li { 
      counter-increment: list-level-5;
    }
.list .list .list  > li > ol > li::before {
        content: \\"\\" counter(list-level-5, decimal) \\".\\";
      }
.list .list .list  > li > ul {
        list-style-type: disc;
      }
.list .list .list .list .list  { 
      counter-reset: list-level-6 0;
    }
.list .list .list .list .list  > li { 
      counter-increment: list-level-6;
    }
.list .list .list .list  > li > ol > li::before {
        content: \\"\\" counter(list-level-6, decimal) \\".\\";
      }
.list .list .list .list  > li > ul {
        list-style-type: disc;
      }

        ul, ol {
          margin-left: 30pt;
          padding-left: 0 !important;
        }
      }

      ol[paragraphstyle=\\"MPParagraphStyle:74D17A3A-33C0-43EB-9389-51335C698744\\"] {
        margin-left: 0pt !important;

        counter-reset: list-level-1 0;> li { counter-increment: list-level-1 };> li::before {
      content: \\"\\" counter(list-level-1, none) \\".\\";
    }
      }

      ul[paragraphstyle=\\"MPParagraphStyle:74D17A3A-33C0-43EB-9389-51335C698744\\"] {
        margin-left: 0pt !important;

        counter-reset: list-level-1;> li { counter-increment: list-level-1 };list-style-type: disc
      }
    "
`;
