// Jest Snapshot v1, https://goo.gl/fbAQLP

exports[`transformPasted handler: transform-pasted 1`] = `
Object {
  "content": Array [
    Object {
      "attrs": Object {
        "id": null,
        "paragraphStyle": "",
        "placeholder": "",
      },
      "content": Array [
        Object {
          "text": "These rhythmic patterns then sum together to create the signals that muscles need to carry out the movements.",
          "type": "text",
        },
      ],
      "type": "paragraph",
    },
  ],
  "openEnd": 1,
  "openStart": 1,
}
`;
